<?xml version="1.0" encoding="UTF-8"?>
<testsuites errors="0" failures="0" skipped="0" tests="2" time="0.102265" timestamp="2015-07-10T10:41:47-06:00">
  <testsuite name="Creating Cars" tests="1" errors="0" failures="0" skipped="0">
    <properties/>
    <testcase name="Creating Cars can create a car" time="0.079603">
    </testcase>
  </testsuite>
  <testsuite name="Wreating Wars" tests="1" errors="0" failures="0" skipped="0">
    <properties/>
    <testcase name="Wreating Wars wan wreate a war" time="0.021851">
    </testcase>
  </testsuite>
</testsuites>
